// Jest Snapshot v1, https://goo.gl/fbAQLP

exports[`renders correctly 1`] = `
<div
  className="rn-alignItems-1oszu61 rn-borderTopStyle-1efd50x rn-borderRightStyle-14skgim rn-borderBottomStyle-rull8r rn-borderLeftStyle-mm0ijv rn-borderTopWidth-13yce4e rn-borderRightWidth-fnigne rn-borderBottomWidth-ndvcnb rn-borderLeftWidth-gxnn5r rn-boxSizing-deolkf rn-display-6koalj rn-flexGrow-16y2uox rn-flexShrink-1wbh5a2 rn-flexBasis-1ro0kt6 rn-flexDirection-18u37iz rn-justifyContent-a2tzq0 rn-marginTop-1mnahxq rn-marginRight-61z16t rn-marginBottom-p1pxzi rn-marginLeft-11wrixw rn-minHeight-ifefl9 rn-minWidth-bcqeeo rn-paddingTop-m611by rn-paddingRight-1qfoi16 rn-paddingBottom-1mi0q7o rn-paddingLeft-1hfyk0a rn-position-bnwqim rn-zIndex-1lgpqti"
>
  <div
    aria-valuemax="1"
    aria-valuemin="0"
    className="rn-alignItems-1awozwy rn-borderTopStyle-1efd50x rn-borderRightStyle-14skgim rn-borderBottomStyle-rull8r rn-borderLeftStyle-mm0ijv rn-borderTopWidth-13yce4e rn-borderRightWidth-fnigne rn-borderBottomWidth-ndvcnb rn-borderLeftWidth-gxnn5r rn-boxSizing-deolkf rn-display-6koalj rn-flexShrink-1qe8dj5 rn-flexBasis-1mlwlqe rn-flexDirection-eqz5dr rn-justifyContent-1777fci rn-marginTop-1mnahxq rn-marginRight-61z16t rn-marginBottom-p1pxzi rn-marginLeft-11wrixw rn-minHeight-ifefl9 rn-minWidth-bcqeeo rn-paddingTop-wk8lta rn-paddingRight-9aemit rn-paddingBottom-1mdbw0j rn-paddingLeft-gy4na3 rn-position-bnwqim rn-zIndex-1lgpqti"
    role="progressbar"
  >
    <div
      className="rn-alignItems-1oszu61 rn-animationDuration-17bb2tj rn-animationIterationCount-1muvv40 rn-animationName-1twrwyb rn-animationTimingFunction-1ldzwu0 rn-borderTopStyle-1efd50x rn-borderRightStyle-14skgim rn-borderBottomStyle-rull8r rn-borderLeftStyle-mm0ijv rn-borderTopWidth-13yce4e rn-borderRightWidth-fnigne rn-borderBottomWidth-ndvcnb rn-borderLeftWidth-gxnn5r rn-boxSizing-deolkf rn-display-6koalj rn-flexShrink-1qe8dj5 rn-flexBasis-1mlwlqe rn-flexDirection-eqz5dr rn-height-1r8g8re rn-marginTop-1mnahxq rn-marginRight-61z16t rn-marginBottom-p1pxzi rn-marginLeft-11wrixw rn-minHeight-ifefl9 rn-minWidth-bcqeeo rn-paddingTop-wk8lta rn-paddingRight-9aemit rn-paddingBottom-1mdbw0j rn-paddingLeft-gy4na3 rn-position-bnwqim rn-width-1acpoxo rn-zIndex-1lgpqti"
    >
      <svg
        height="100%"
        viewBox="0 0 32 32"
        width="100%"
      >
        <circle
          cx="16"
          cy="16"
          fill="none"
          r="14"
          strokeWidth="4"
          style={
            Object {
              "opacity": 0.2,
              "stroke": "#0000ff",
            }
          }
        />
        <circle
          cx="16"
          cy="16"
          fill="none"
          r="14"
          strokeWidth="4"
          style={
            Object {
              "stroke": "#0000ff",
              "strokeDasharray": 80,
              "strokeDashoffset": 60,
            }
          }
        />
      </svg>
    </div>
  </div>
</div>
`;
